
   WARN  No code coverage driver available
